// Jest Snapshot v1, https://goo.gl/fbAQLP

exports[`PluginStoreProvider Renders 1`] = `<DocumentFragment />`;
